python : Traceback (most recent call last):
위치 줄:1 문자:1
+ python verify_refactor.py > test_output.txt 2>&1 ; cat tes
t_output.tx ...
+ ~~~~~~~~~~~~~~~~~~~~~~~~~~~~~~~~~~~~~~~~~~~~~~~~
    + CategoryInfo          : NotSpecified: (Traceback (mos 
   t recent call last)::String) [], RemoteException
    + FullyQualifiedErrorId : NativeCommandError
 
  File "C:\quote_collection\backend\verify_refactor.py", lin
e 11, in test_refactored_ai
    print("\u2705 Successfully imported AIService")
UnicodeEncodeError: 'cp949' codec can't encode character '\u
2705' in position 0: illegal multibyte sequence

During handling of the above exception, another exception oc
curred:

Traceback (most recent call last):
  File "C:\quote_collection\backend\verify_refactor.py", lin
e 72, in <module>
    asyncio.run(test_refactored_ai())
  File "C:\Users\Jinwoo\AppData\Local\Programs\Python\Python
311\Lib\asyncio\runners.py", line 190, in run
    return runner.run(main)
           ^^^^^^^^^^^^^^^^
  File "C:\Users\Jinwoo\AppData\Local\Programs\Python\Python
311\Lib\asyncio\runners.py", line 118, in run
    return self._loop.run_until_complete(task)
           ^^^^^^^^^^^^^^^^^^^^^^^^^^^^^^^^^^^
  File "C:\Users\Jinwoo\AppData\Local\Programs\Python\Python
311\Lib\asyncio\base_events.py", line 654, in run_until_comp
lete
    return future.result()
           ^^^^^^^^^^^^^^^
  File "C:\quote_collection\backend\verify_refactor.py", lin
e 67, in test_refactored_ai
    print(f"\u274c Test failed with error: {e}")
UnicodeEncodeError: 'cp949' codec can't encode character '\u
274c' in position 0: illegal multibyte sequence
